* using log directory ‘/Users/bthe/Documents/dev/geo/geo.Rcheck’
* using R version 4.5.2 (2025-10-31)
* using platform: aarch64-apple-darwin20
* R was compiled by
    Apple clang version 16.0.0 (clang-1600.0.26.6)
    GNU Fortran (GCC) 14.2.0
* running under: macOS Tahoe 26.2
* using session charset: UTF-8
* using option ‘--as-cran’
* checking for file ‘geo/DESCRIPTION’ ... OK
* this is package ‘geo’ version ‘1.5-1’
* package encoding: UTF-8
* checking CRAN incoming feasibility ... NOTE
Maintainer: ‘Bjarki Elvarsson <bjarki.elvarsson@hafogvatn.is>’

No Authors@R field in DESCRIPTION.
Please add one, modifying
  Authors@R: c(person(given = "Hoskuldur",
                      family = "Bjornsson",
                      role = "aut"),
               person(given = c("Sigurdur", "Thor"),
                      family = "Jonsson",
                      role = "aut"),
               person(given = "Arni",
                      family = "Magnusson",
                      role = "aut"),
               person(given = c("Bjarki", "Thor"),
                      family = "Elvarsson",
                      role = "aut"),
               person(given = "Bjarki",
                      family = "Elvarsson",
                      role = "cre",
                      email = "bjarki.elvarsson@hafogvatn.is"))
as necessary.

Found the following (possibly) invalid URLs:
  URL: http://www.hafro.is/~sigurdur/gshhsIslands/newEyjar.R
    From: man/eyjar.Rd
    Status: Error
    Message: libcurl error code 6:
      	Could not resolve host: www.hafro.is

The Date field is over a month old.
* checking package namespace information ... OK
* checking package dependencies ... OK
* checking if this is a source package ... OK
* checking if there is a namespace ... OK
* checking for executable files ... OK
* checking for hidden files and directories ... OK
* checking for portable file names ... OK
* checking for sufficient/correct file permissions ... OK
* checking serialization versions ... OK
* checking whether package ‘geo’ can be installed ... OK
* checking installed package size ... INFO
  installed size is  6.5Mb
  sub-directories of 1Mb or more:
    data   5.3Mb
* checking package directory ... OK
* checking for future file timestamps ... NOTE
unable to verify current time
* checking ‘build’ directory ... OK
* checking DESCRIPTION meta-information ... OK
* checking top-level files ... NOTE
Non-standard files/directories found at top level:
  ‘README.Rmd’ ‘README.html’ ‘Rplots.pdf’ ‘_pkgdown.yml’
* checking for left-over files ... OK
* checking index information ... OK
* checking package subdirectories ... OK
* checking code files for non-ASCII characters ... OK
* checking R files for syntax errors ... OK
* checking whether the package can be loaded ... OK
* checking whether the package can be loaded with stated dependencies ... OK
* checking whether the package can be unloaded cleanly ... OK
* checking whether the namespace can be loaded with stated dependencies ... OK
* checking whether the namespace can be unloaded cleanly ... OK
* checking use of S3 registration ... OK
* checking dependencies in R code ... OK
* checking S3 generic/method consistency ... OK
* checking replacement functions ... OK
* checking foreign function calls ... OK
* checking R code for possible problems ... OK
* checking Rd files ... OK
* checking Rd metadata ... OK
* checking Rd line widths ... OK
* checking Rd cross-references ... OK
* checking for missing documentation entries ... OK
* checking for code/documentation mismatches ... OK
* checking Rd \usage sections ... OK
* checking Rd contents ... OK
* checking for unstated dependencies in examples ... OK
* checking contents of ‘data’ directory ... OK
* checking data for non-ASCII characters ... OK
* checking LazyData ... OK
* checking data for ASCII and uncompressed saves ... OK
* checking installed files from ‘inst/doc’ ... OK
* checking files in ‘vignettes’ ... OK
* checking examples ... [240s/241s] NOTE
Examples with CPU (user + system) or elapsed time > 5s
            user system elapsed
geolines 198.939 22.561 222.348
gbplot     4.991  0.055   5.053
* checking for unstated dependencies in ‘tests’ ... OK
* checking tests ... OK
  Running ‘testthat.R’
* checking for unstated dependencies in vignettes ... OK
* checking package vignettes ... OK
* checking re-building of vignette outputs ... OK
* checking PDF version of manual ... OK
* checking HTML version of manual ... NOTE
Skipping checking HTML validation: 'tidy' doesn't look like recent enough HTML Tidy.
Please obtain a recent version of HTML Tidy by downloading a binary
release or compiling the source code from <https://www.html-tidy.org/>.
* checking for non-standard things in the check directory ... OK
* checking for detritus in the temp directory ... OK
* DONE
Status: 5 NOTEs
