This is pdfTeX, Version 3.141592653-2.6-1.40.27 (TeX Live 2025) (preloaded format=pdflatex 2025.4.10)  28 JAN 2026 10:53
entering extended mode
 restricted \write18 enabled.
 %&-line parsing enabled.
**\input ./Rd2.tex \input ./Rd2.tex \input ./Rd2.tex
(./Rd2.tex
(/Users/bthe/Library/TinyTeX/texmf-dist/tex/latex/base/book.cls
Document Class: book 2024/06/29 v1.4n Standard LaTeX document class
(/Users/bthe/Library/TinyTeX/texmf-dist/tex/latex/base/bk10.clo
File: bk10.clo 2024/06/29 v1.4n Standard LaTeX file (size option)
)
\c@part=\count197
\c@chapter=\count198
\c@section=\count199
\c@subsection=\count266
\c@subsubsection=\count267
\c@paragraph=\count268
\c@subparagraph=\count269
\c@figure=\count270
\c@table=\count271
\abovecaptionskip=\skip49
\belowcaptionskip=\skip50
\bibindent=\dimen146
) (/Library/Frameworks/R.framework/Resources/share/texmf/tex/latex/Rd.sty
Package: Rd 
 (/Users/bthe/Library/TinyTeX/texmf-dist/tex/latex/base/ifthen.sty
Package: ifthen 2024/03/16 v1.1e Standard LaTeX ifthen package (DPC)
) (/Users/bthe/Library/TinyTeX/texmf-dist/tex/generic/iftex/iftex.sty
Package: iftex 2024/12/12 v1.0g TeX engine tests
) (/Users/bthe/Library/TinyTeX/texmf-dist/tex/latex/tools/longtable.sty
Package: longtable 2024-10-27 v4.22 Multi-page Table package (DPC)
\LTleft=\skip51
\LTright=\skip52
\LTpre=\skip53
\LTpost=\skip54
\LTchunksize=\count272
\LTcapwidth=\dimen147
\LT@head=\box53
\LT@firsthead=\box54
\LT@foot=\box55
\LT@lastfoot=\box56
\LT@gbox=\box57
\LT@cols=\count273
\LT@rows=\count274
\c@LT@tables=\count275
\c@LT@chunks=\count276
\LT@p@ftn=\toks17
) (/Users/bthe/Library/TinyTeX/texmf-dist/tex/latex/tools/bm.sty
Package: bm 2023/12/19 v1.2f Bold Symbol Support (DPC/FMi)
\symboldoperators=\mathgroup4
\symboldletters=\mathgroup5
\symboldsymbols=\mathgroup6
Package bm Info: No bold for \OMX/cmex/m/n, using \pmb.
LaTeX Font Info:    Redeclaring math alphabet \mathbf on input line 149.
) (/Users/bthe/Library/TinyTeX/texmf-dist/tex/latex/base/alltt.sty
Package: alltt 2024/07/07 v2.0g defines alltt environment
) (/Users/bthe/Library/TinyTeX/texmf-dist/tex/latex/tools/verbatim.sty
Package: verbatim 2024-01-22 v1.5x LaTeX2e package for verbatim enhancements
\every@verbatim=\toks18
\verbatim@line=\toks19
\verbatim@in@stream=\read2
) (/Users/bthe/Library/TinyTeX/texmf-dist/tex/latex/url/url.sty
\Urlmuskip=\muskip17
Package: url 2013/09/16  ver 3.4  Verb mode for urls, etc.
) (/Users/bthe/Library/TinyTeX/texmf-dist/tex/latex/base/textcomp.sty
Package: textcomp 2024/04/24 v2.1b Standard LaTeX package
) (/Users/bthe/Library/TinyTeX/texmf-dist/tex/latex/amsmath/amsmath.sty
Package: amsmath 2024/11/05 v2.17t AMS math features
\@mathmargin=\skip55

For additional information on amsmath, use the `?' option.
(/Users/bthe/Library/TinyTeX/texmf-dist/tex/latex/amsmath/amstext.sty
Package: amstext 2021/08/26 v2.01 AMS text
 (/Users/bthe/Library/TinyTeX/texmf-dist/tex/latex/amsmath/amsgen.sty
File: amsgen.sty 1999/11/30 v2.0 generic functions
\@emptytoks=\toks20
\ex@=\dimen148
)) (/Users/bthe/Library/TinyTeX/texmf-dist/tex/latex/amsmath/amsbsy.sty
Package: amsbsy 1999/11/29 v1.2d Bold Symbols
LaTeX Info: Redefining \boldsymbol on input line 28.
\pmbraise@=\dimen149
) (/Users/bthe/Library/TinyTeX/texmf-dist/tex/latex/amsmath/amsopn.sty
Package: amsopn 2022/04/08 v2.04 operator names
)
\inf@bad=\count277
LaTeX Info: Redefining \frac on input line 233.
\uproot@=\count278
\leftroot@=\count279
LaTeX Info: Redefining \overline on input line 398.
LaTeX Info: Redefining \colon on input line 409.
\classnum@=\count280
\DOTSCASE@=\count281
LaTeX Info: Redefining \ldots on input line 495.
LaTeX Info: Redefining \dots on input line 498.
LaTeX Info: Redefining \cdots on input line 619.
\Mathstrutbox@=\box58
\strutbox@=\box59
LaTeX Info: Redefining \big on input line 721.
LaTeX Info: Redefining \Big on input line 722.
LaTeX Info: Redefining \bigg on input line 723.
LaTeX Info: Redefining \Bigg on input line 724.
\big@size=\dimen150
LaTeX Font Info:    Redeclaring font encoding OML on input line 742.
LaTeX Font Info:    Redeclaring font encoding OMS on input line 743.
\macc@depth=\count282
LaTeX Info: Redefining \bmod on input line 904.
LaTeX Info: Redefining \pmod on input line 909.
LaTeX Info: Redefining \smash on input line 939.
LaTeX Info: Redefining \relbar on input line 969.
LaTeX Info: Redefining \Relbar on input line 970.
\c@MaxMatrixCols=\count283
\dotsspace@=\muskip18
\c@parentequation=\count284
\dspbrk@lvl=\count285
\tag@help=\toks21
\row@=\count286
\column@=\count287
\maxfields@=\count288
\andhelp@=\toks22
\eqnshift@=\dimen151
\alignsep@=\dimen152
\tagshift@=\dimen153
\tagwidth@=\dimen154
\totwidth@=\dimen155
\lineht@=\dimen156
\@envbody=\toks23
\multlinegap=\skip56
\multlinetaggap=\skip57
\mathdisplay@stack=\toks24
LaTeX Info: Redefining \[ on input line 2953.
LaTeX Info: Redefining \] on input line 2954.
) (/Users/bthe/Library/TinyTeX/texmf-dist/tex/latex/amsfonts/amsfonts.sty
Package: amsfonts 2013/01/14 v3.01 Basic AMSFonts support
\symAMSa=\mathgroup7
\symAMSb=\mathgroup8
LaTeX Font Info:    Redeclaring math symbol \hbar on input line 98.
LaTeX Font Info:    Overwriting math alphabet `\mathfrak' in version `bold'
(Font)                  U/euf/m/n --> U/euf/b/n on input line 106.
) (/Users/bthe/Library/TinyTeX/texmf-dist/tex/latex/amsfonts/amssymb.sty
Package: amssymb 2013/01/14 v3.01 AMS font symbols
) (/Users/bthe/Library/TinyTeX/texmf-dist/tex/latex/jknapltx/mathrsfs.sty
Package: mathrsfs 1996/01/01 Math RSFS package v1.0 (jk)
\symrsfs=\mathgroup9
)
\ldescriptionwidth=\skip58
 (/Users/bthe/Library/TinyTeX/texmf-dist/tex/latex/base/fontenc.sty
Package: fontenc 2021/04/29 v2.0v Standard LaTeX package
) (/Users/bthe/Library/TinyTeX/texmf-dist/tex/latex/psnfss/times.sty
Package: times 2020/03/25 PSNFSS-v9.3 (SPQR) 
) (/Users/bthe/Library/TinyTeX/texmf-dist/tex/latex/inconsolata/zi4.sty
Package: zi4 2019/05/17 v1.12
 `inconsolata-zi4' v1.12, 2019/05/17 Text macros for Inconsolata (msharpe) (/Users/bthe/Library/TinyTeX/texmf-dist/tex/latex/xkeyval/xkeyval.sty
Package: xkeyval 2022/06/16 v2.9 package option processing (HA)
 (/Users/bthe/Library/TinyTeX/texmf-dist/tex/generic/xkeyval/xkeyval.tex (/Users/bthe/Library/TinyTeX/texmf-dist/tex/generic/xkeyval/xkvutils.tex
\XKV@toks=\toks25
\XKV@tempa@toks=\toks26
 (/Users/bthe/Library/TinyTeX/texmf-dist/tex/generic/xkeyval/keyval.tex))
\XKV@depth=\count289
File: xkeyval.tex 2014/12/03 v2.7a key=value parser (HA)
))
\zifour@ocount=\count290
) (/Users/bthe/Library/TinyTeX/texmf-dist/tex/latex/graphics/color.sty
Package: color 2024/06/23 v1.3e Standard LaTeX Color (DPC)
 (/Users/bthe/Library/TinyTeX/texmf-dist/tex/latex/graphics-cfg/color.cfg
File: color.cfg 2016/01/02 v1.6 sample color configuration
)
Package color Info: Driver file: pdftex.def on input line 149.
 (/Users/bthe/Library/TinyTeX/texmf-dist/tex/latex/graphics-def/pdftex.def
File: pdftex.def 2024/04/13 v1.2c Graphics/color driver for pdftex
) (/Users/bthe/Library/TinyTeX/texmf-dist/tex/latex/graphics/mathcolor.ltx)) (/Users/bthe/Library/TinyTeX/texmf-dist/tex/latex/hyperref/hyperref.sty
Package: hyperref 2024-11-05 v7.01l Hypertext links for LaTeX
 (/Users/bthe/Library/TinyTeX/texmf-dist/tex/latex/kvsetkeys/kvsetkeys.sty
Package: kvsetkeys 2022-10-05 v1.19 Key value parser (HO)
) (/Users/bthe/Library/TinyTeX/texmf-dist/tex/generic/kvdefinekeys/kvdefinekeys.sty
Package: kvdefinekeys 2019-12-19 v1.6 Define keys (HO)
) (/Users/bthe/Library/TinyTeX/texmf-dist/tex/generic/pdfescape/pdfescape.sty
Package: pdfescape 2019/12/09 v1.15 Implements pdfTeX's escape features (HO)
 (/Users/bthe/Library/TinyTeX/texmf-dist/tex/generic/ltxcmds/ltxcmds.sty
Package: ltxcmds 2023-12-04 v1.26 LaTeX kernel commands for general use (HO)
) (/Users/bthe/Library/TinyTeX/texmf-dist/tex/generic/pdftexcmds/pdftexcmds.sty
Package: pdftexcmds 2020-06-27 v0.33 Utility functions of pdfTeX for LuaTeX (HO)
 (/Users/bthe/Library/TinyTeX/texmf-dist/tex/generic/infwarerr/infwarerr.sty
Package: infwarerr 2019/12/03 v1.5 Providing info/warning/error messages (HO)
)
Package pdftexcmds Info: \pdf@primitive is available.
Package pdftexcmds Info: \pdf@ifprimitive is available.
Package pdftexcmds Info: \pdfdraftmode found.
)) (/Users/bthe/Library/TinyTeX/texmf-dist/tex/latex/hycolor/hycolor.sty
Package: hycolor 2020-01-27 v1.10 Color options for hyperref/bookmark (HO)
) (/Users/bthe/Library/TinyTeX/texmf-dist/tex/latex/hyperref/nameref.sty
Package: nameref 2023-11-26 v2.56 Cross-referencing by name of section
 (/Users/bthe/Library/TinyTeX/texmf-dist/tex/latex/refcount/refcount.sty
Package: refcount 2019/12/15 v3.6 Data extraction from label references (HO)
) (/Users/bthe/Library/TinyTeX/texmf-dist/tex/generic/gettitlestring/gettitlestring.sty
Package: gettitlestring 2019/12/15 v1.6 Cleanup title references (HO)
 (/Users/bthe/Library/TinyTeX/texmf-dist/tex/latex/kvoptions/kvoptions.sty
Package: kvoptions 2022-06-15 v3.15 Key value format for package options (HO)
))
\c@section@level=\count291
) (/Users/bthe/Library/TinyTeX/texmf-dist/tex/latex/etoolbox/etoolbox.sty
Package: etoolbox 2025/02/11 v2.5l e-TeX tools for LaTeX (JAW)
\etb@tempcnta=\count292
) (/Users/bthe/Library/TinyTeX/texmf-dist/tex/generic/stringenc/stringenc.sty
Package: stringenc 2019/11/29 v1.12 Convert strings between diff. encodings (HO)
)
\@linkdim=\dimen157
\Hy@linkcounter=\count293
\Hy@pagecounter=\count294
 (/Users/bthe/Library/TinyTeX/texmf-dist/tex/latex/hyperref/pd1enc.def
File: pd1enc.def 2024-11-05 v7.01l Hyperref: PDFDocEncoding definition (HO)
Now handling font encoding PD1 ...
... no UTF-8 mapping file for font encoding PD1
) (/Users/bthe/Library/TinyTeX/texmf-dist/tex/generic/intcalc/intcalc.sty
Package: intcalc 2019/12/15 v1.3 Expandable calculations with integers (HO)
)
\Hy@SavedSpaceFactor=\count295
 (/Users/bthe/Library/TinyTeX/texmf-dist/tex/latex/hyperref/puenc.def
File: puenc.def 2024-11-05 v7.01l Hyperref: PDF Unicode definition (HO)
Now handling font encoding PU ...
... no UTF-8 mapping file for font encoding PU
)
Package hyperref Info: Hyper figures OFF on input line 4157.
Package hyperref Info: Link nesting OFF on input line 4162.
Package hyperref Info: Hyper index ON on input line 4165.
Package hyperref Info: Plain pages OFF on input line 4172.
Package hyperref Info: Backreferencing OFF on input line 4177.
Package hyperref Info: Implicit mode ON; LaTeX internals redefined.
Package hyperref Info: Bookmarks ON on input line 4424.
\c@Hy@tempcnt=\count296
LaTeX Info: Redefining \url on input line 4763.
\XeTeXLinkMargin=\dimen158
 (/Users/bthe/Library/TinyTeX/texmf-dist/tex/generic/bitset/bitset.sty
Package: bitset 2019/12/09 v1.3 Handle bit-vector datatype (HO)
 (/Users/bthe/Library/TinyTeX/texmf-dist/tex/generic/bigintcalc/bigintcalc.sty
Package: bigintcalc 2019/12/15 v1.5 Expandable calculations on big integers (HO)
))
\Fld@menulength=\count297
\Field@Width=\dimen159
\Fld@charsize=\dimen160
Package hyperref Info: Hyper figures OFF on input line 6042.
Package hyperref Info: Link nesting OFF on input line 6047.
Package hyperref Info: Hyper index ON on input line 6050.
Package hyperref Info: backreferencing OFF on input line 6057.
Package hyperref Info: Link coloring OFF on input line 6062.
Package hyperref Info: Link coloring with OCG OFF on input line 6067.
Package hyperref Info: PDF/A mode OFF on input line 6072.
 (/Users/bthe/Library/TinyTeX/texmf-dist/tex/latex/base/atbegshi-ltx.sty
Package: atbegshi-ltx 2021/01/10 v1.0c Emulation of the original atbegshi
package with kernel methods
)
\Hy@abspage=\count298
\c@Item=\count299
\c@Hfootnote=\count300
)
Package hyperref Info: Driver (autodetected): hpdftex.
 (/Users/bthe/Library/TinyTeX/texmf-dist/tex/latex/hyperref/hpdftex.def
File: hpdftex.def 2024-11-05 v7.01l Hyperref driver for pdfTeX
 (/Users/bthe/Library/TinyTeX/texmf-dist/tex/latex/base/atveryend-ltx.sty
Package: atveryend-ltx 2020/08/19 v1.0a Emulation of the original atveryend package
with kernel methods
)
\Fld@listcount=\count301
\c@bookmark@seq@number=\count302
 (/Users/bthe/Library/TinyTeX/texmf-dist/tex/latex/rerunfilecheck/rerunfilecheck.sty
Package: rerunfilecheck 2022-07-10 v1.10 Rerun checks for auxiliary files (HO)
 (/Users/bthe/Library/TinyTeX/texmf-dist/tex/generic/uniquecounter/uniquecounter.sty
Package: uniquecounter 2019/12/15 v1.4 Provide unlimited unique counter (HO)
)
Package uniquecounter Info: New unique counter `rerunfilecheck' on input line 285.
)
\Hy@SectionHShift=\skip59
)
Package hyperref Info: Option `colorlinks' set `true' on input line 413.
Package hyperref Info: Option `linktocpage' set `true' on input line 413.
Package hyperref Info: Option `plainpages' set `false' on input line 413.
) (/Users/bthe/Library/TinyTeX/texmf-dist/tex/latex/base/makeidx.sty
Package: makeidx 2021/10/04 v1.0m Standard LaTeX package
)
\@indexfile=\write3
\openout3 = `Rd2.idx'.


Writing index file Rd2.idx
LaTeX Font Info:    Trying to load font information for T1+ptm on input line 8.
(/Users/bthe/Library/TinyTeX/texmf-dist/tex/latex/psnfss/t1ptm.fd
File: t1ptm.fd 2001/06/04 font definitions for T1/ptm.
) (/Users/bthe/Library/TinyTeX/texmf-dist/tex/latex/l3backend/l3backend-pdftex.def
File: l3backend-pdftex.def 2025-03-14 L3 backend support: PDF output (pdfTeX)
\l__color_backend_stack_int=\count303
) (/private/var/folders/s9/vr220bhx6nd_yyq9w1mxfv1r0000gn/T/Rtmpk2cB1c/Rd2pdf122e95b1e9b5a/Rd2.aux)
\openout1 = `Rd2.aux'.

LaTeX Font Info:    Checking defaults for OML/cmm/m/it on input line 8.
LaTeX Font Info:    ... okay on input line 8.
LaTeX Font Info:    Checking defaults for OMS/cmsy/m/n on input line 8.
LaTeX Font Info:    ... okay on input line 8.
LaTeX Font Info:    Checking defaults for OT1/cmr/m/n on input line 8.
LaTeX Font Info:    ... okay on input line 8.
LaTeX Font Info:    Checking defaults for T1/cmr/m/n on input line 8.
LaTeX Font Info:    ... okay on input line 8.
LaTeX Font Info:    Checking defaults for TS1/cmr/m/n on input line 8.
LaTeX Font Info:    ... okay on input line 8.
LaTeX Font Info:    Checking defaults for OMX/cmex/m/n on input line 8.
LaTeX Font Info:    ... okay on input line 8.
LaTeX Font Info:    Checking defaults for U/cmr/m/n on input line 8.
LaTeX Font Info:    ... okay on input line 8.
LaTeX Font Info:    Checking defaults for PD1/pdf/m/n on input line 8.
LaTeX Font Info:    ... okay on input line 8.
LaTeX Font Info:    Checking defaults for PU/pdf/m/n on input line 8.
LaTeX Font Info:    ... okay on input line 8.
Package hyperref Info: Link coloring ON on input line 8.
 (/private/var/folders/s9/vr220bhx6nd_yyq9w1mxfv1r0000gn/T/Rtmpk2cB1c/Rd2pdf122e95b1e9b5a/Rd2.out) (/private/var/folders/s9/vr220bhx6nd_yyq9w1mxfv1r0000gn/T/Rtmpk2cB1c/Rd2pdf122e95b1e9b5a/Rd2.out)
\@outlinefile=\write4
\openout4 = `Rd2.out'.

LaTeX Font Info:    Trying to load font information for T1+zi4 on input line 22.
 (/Users/bthe/Library/TinyTeX/texmf-dist/tex/latex/inconsolata/t1zi4.fd
File: t1zi4.fd 2018/01/14 T1/zi4 (Inconsolata)
)
LaTeX Font Info:    Font shape `T1/zi4/m/n' will be
(Font)              scaled to size 10.0pt on input line 22.
 (/private/var/folders/s9/vr220bhx6nd_yyq9w1mxfv1r0000gn/T/Rtmpk2cB1c/Rd2pdf122e95b1e9b5a/Rd2.toc
LaTeX Font Info:    Trying to load font information for U+msa on input line 1.
 (/Users/bthe/Library/TinyTeX/texmf-dist/tex/latex/amsfonts/umsa.fd
File: umsa.fd 2013/01/14 v3.01 AMS symbols A
)
LaTeX Font Info:    Trying to load font information for U+msb on input line 1.
 (/Users/bthe/Library/TinyTeX/texmf-dist/tex/latex/amsfonts/umsb.fd
File: umsb.fd 2013/01/14 v3.01 AMS symbols B
)
LaTeX Font Info:    Trying to load font information for U+rsfs on input line 1.
 (/Users/bthe/Library/TinyTeX/texmf-dist/tex/latex/jknapltx/ursfs.fd
File: ursfs.fd 1998/03/24 rsfs font definition file (jk)
)

[1


{/Users/bthe/Library/TinyTeX/texmf-var/fonts/map/pdftex/updmap/pdftex.map}{/Users/bthe/Library/TinyTeX/texmf-dist/fonts/enc/dvips/base/8r.enc}{/Users/bthe/Library/TinyTeX/texmf-dist/fonts/enc/dvips/inconsolata/i4-t1-0.enc}]

[2]

[3])
\tf@toc=\write5
\openout5 = `Rd2.toc'.



[4]
Overfull \hbox (27.89876pt too wide) in paragraph at lines 89--91
[]\T1/ptm/m/n/10 Needs fur-ther elab-o-ra-tion, this func-tion is called by []\T1/zi4/m/n/10 geoarea.old[]\T1/ptm/m/n/10 , []\T1/zi4/m/n/10 geoinside[]\T1/ptm/m/n/10 , []\T1/zi4/m/n/10 inside []\T1/ptm/m/n/10 and []\T1/zi4/m/n/10 pointkriging[]\T1/ptm/m/n/10 . 
 []



[5]
LaTeX Font Info:    Font shape `T1/zi4/m/n' will be
(Font)              scaled to size 9.0pt on input line 167.


[6]

[7]

[8]

[9]

[10]

[11]

[12]

[13]

[14]

[15]

[16]

[17]

[18]

[19]
Overfull \hbox (2.31694pt too wide) in paragraph at lines 1020--1022
[]\T1/ptm/m/n/10 The de-fault []\T1/zi4/m/n/10 useI=FALSE []\T1/ptm/m/n/10 is in ac-cor-dance with the pre-scrip-tion in ICES CM77/Gen:3, but []\T1/zi4/m/n/10 useI=TRUE
 []

LaTeX Font Info:    Trying to load font information for TS1+ptm on input line 1034.
(/Users/bthe/Library/TinyTeX/texmf-dist/tex/latex/psnfss/ts1ptm.fd
File: ts1ptm.fd 2001/06/04 font definitions for TS1/ptm.
) [20]

[21]
LaTeX Font Info:    Trying to load font information for TS1+zi4 on input line 1178.
 (/Users/bthe/Library/TinyTeX/texmf-dist/tex/latex/inconsolata/ts1zi4.fd
File: ts1zi4.fd 2018/01/14 TS1/zi4 (Inconsolata)
)
LaTeX Font Info:    Font shape `TS1/zi4/m/n' will be
(Font)              scaled to size 9.0pt on input line 1178.


[22{/Users/bthe/Library/TinyTeX/texmf-dist/fonts/enc/dvips/inconsolata/i4-ts1.enc}]

[23]

[24]

[25]
Overfull \hbox (1.03812pt too wide) in paragraph at lines 1372--1376
\T1/ptm/m/n/10 sign-ment to a ma-trix with an index-matrix of the val-ues in rownr and dalknr: []\T1/zi4/m/n/10 mat[matrix(c(rownr,
 []



[26]

[27]

[28]

[29]

[30]

[31]

[32]

[33]

[34]

[35]

[36]

[37]

[38]

[39]

[40]

[41]

[42]

[43]

[44]

[45]

[46]

[47]
Overfull \hbox (18.44104pt too wide) in paragraph at lines 2658--2662
[][][]\T1/zi4/m/n/10 geoplot[][][][]\T1/ptm/m/n/10 , [][][]\T1/zi4/m/n/10 geolines[][][][]\T1/ptm/m/n/10 , [][][]\T1/zi4/m/n/10 geopolygon[][][][]\T1/ptm/m/n/10 , [][][]\T1/zi4/m/n/10 geotext[][][][]\T1/ptm/m/n/10 , [][][]\T1/zi4/m/n/10 geosymbols[][][][]\T1/ptm/m/n/10 , [][][]\T1/zi4/m/n/10 geogrid[][][][]\T1/ptm/m/n/10 , [][][]\T1/zi4/m/n/10 geopar[][][][]\T1/ptm/m/n/10 , [][][]\T1/zi4/m/n/10 geolocator[][][][]\T1/ptm/m/n/10 , [][][]\T1/zi4/m/n/10 geocontour[][][][]\T1/ptm/m/n/10 ,
 []



[48]
Underfull \vbox (badness 10000) has occurred while \output is active []



[49]
Overfull \hbox (4.57668pt too wide) in paragraph at lines 2770--2772
[]\T1/ptm/m/n/10 Convert be-tween dif-fer-ent rep-re-sen-ta-tions of lat-i-tude and lon-gi-tude, namely degrees-minutes-decimal
 []



[50]

[51
pdfTeX warning (ext4): destination with the same identifier (name{Rfn.geoconvert.1}) has been already used, duplicate ignored
<argument> ...shipout:D \box_use:N \l_shipout_box 
                                                  \__shipout_drop_firstpage_...
l.2874 \end{Description}
                        ]

[52]

[53]

[54]

[55]
Overfull \hbox (7.02832pt too wide) in paragraph at lines 3162--3164
[]\T1/ptm/m/n/10 Coordinates of points. The co-or-di-nates can be given by two vec-tors or a data.frame
 []



[56]

[57]

[58]

[59]

[60]
Overfull \hbox (16.67775pt too wide) in paragraph at lines 3487--3489
[]\T1/ptm/m/n/10 The pro-jec-tion is stored in geop-arpro-jec-tion and pa-ram-e-ters for the trans-form in []\T1/zi4/m/n/10 geopar$b0, geopar$b1
 []


Overfull \hbox (13.92102pt too wide) in paragraph at lines 3492--3496
[][][]\T1/zi4/m/n/10 geoplot[][][][]\T1/ptm/m/n/10 , [][][]\T1/zi4/m/n/10 geopolygon[][][][]\T1/ptm/m/n/10 , [][][]\T1/zi4/m/n/10 geopoints[][][][]\T1/ptm/m/n/10 , [][][]\T1/zi4/m/n/10 geotext[][][][]\T1/ptm/m/n/10 , [][][]\T1/zi4/m/n/10 geosymbols[][][][]\T1/ptm/m/n/10 , [][][]\T1/zi4/m/n/10 geocontour.fill[][][][]\T1/ptm/m/n/10 , [][][]\T1/zi4/m/n/10 geogrid[][][][]\T1/ptm/m/n/10 , [][][]\T1/zi4/m/n/10 geocontour[][][][]\T1/ptm/m/n/10 . 
 []



[61]

[62]

[63]

[64]
Overfull \hbox (35.35013pt too wide) in paragraph at lines 3705--3705
[]\T1/zi4/m/n/10 points (iceland) 2. bisland 20000 points (iceland fine) 3. greenland 62000 
 []


Overfull \hbox (35.35013pt too wide) in paragraph at lines 3705--3705
[]\T1/zi4/m/n/10 points 4. faeroes 2100 points 5. eyjar 2200 points(islands around iceland) 
 []



[65]

[66]
Overfull \hbox (3.92102pt too wide) in paragraph at lines 3856--3861
[][][]\T1/zi4/m/n/10 geolines[][][][]\T1/ptm/m/n/10 , [][][]\T1/zi4/m/n/10 geopolygon[][][][]\T1/ptm/m/n/10 , [][][]\T1/zi4/m/n/10 geotext[][][][]\T1/ptm/m/n/10 , [][][]\T1/zi4/m/n/10 geosymbols[][][][]\T1/ptm/m/n/10 , [][][]\T1/zi4/m/n/10 geogrid[][][][]\T1/ptm/m/n/10 , [][][]\T1/zi4/m/n/10 geopar[][][][]\T1/ptm/m/n/10 , [][][]\T1/zi4/m/n/10 geocontour.fill[][][][]\T1/ptm/m/n/10 , [][][]\T1/zi4/m/n/10 geolocator[][][][]\T1/ptm/m/n/10 ,
 []



[67]
Underfull \vbox (badness 10000) has occurred while \output is active []



[68]
Underfull \vbox (badness 10000) has occurred while \output is active []



[69]

[70]

[71]

[72]

[73]

[74]

[75]

[76]

[77]

[78]

[79]

[80]

[81]

[82]
Overfull \hbox (3.92102pt too wide) in paragraph at lines 4893--4897
[][][]\T1/zi4/m/n/10 geoplot[][][][]\T1/ptm/m/n/10 , [][][]\T1/zi4/m/n/10 geopolygon[][][][]\T1/ptm/m/n/10 , [][][]\T1/zi4/m/n/10 geolines[][][][]\T1/ptm/m/n/10 , [][][]\T1/zi4/m/n/10 geosymbols[][][][]\T1/ptm/m/n/10 , [][][]\T1/zi4/m/n/10 geogrid[][][][]\T1/ptm/m/n/10 , [][][]\T1/zi4/m/n/10 geopar[][][][]\T1/ptm/m/n/10 , [][][]\T1/zi4/m/n/10 geocontour.fill[][][][]\T1/ptm/m/n/10 , [][][]\T1/zi4/m/n/10 geolocator[][][][]\T1/ptm/m/n/10 ,
 []



[83]

[84]
Overfull \hbox (23.09036pt too wide) in paragraph at lines 4965--4965
 []  \T1/zi4/m/n/10 col.names = c("kastad.n.breidd", "kastad.v.lengd", "hift.n.breidd", "hift.v.lengd"),[] 
 []


Overfull \hbox (11.0386pt too wide) in paragraph at lines 4973--4976
[]\T1/zi4/m/n/10 lat []\T1/ptm/m/n/10 and []\T1/zi4/m/n/10 lon []\T1/ptm/m/n/10 or dataframe with start and end po-si-tions given as columns []\T1/zi4/m/n/10 col.names[]\T1/ptm/m/n/10 . 
 []



[85]

[86]

[87]

[88]

[89]
Overfull \hbox (3.31831pt too wide) in paragraph at lines 5320--5322
[]\T1/ptm/m/n/10 The lon-gi-tude defin-ing the Lam-bert pro-jec-tion, de-fault is the []\T1/zi4/m/n/10 l1 []\T1/ptm/m/n/10 de-fined in geopar,
 []



[90]

[91]
Overfull \hbox (1.21823pt too wide) in paragraph at lines 5406--5408
[]\T1/ptm/m/n/10 The lon-gi-tude defin-ing the Lam-bert pro-jec-tion, de-fault is the []\T1/zi4/m/n/10 l1 []\T1/ptm/m/n/10 de-fined in geopar 
 []



[92]

[93]

[94]

[95]

[96]

[97]

[98]

[99]
Underfull \vbox (badness 10000) has occurred while \output is active []



[100]

[101]

[102]

[103]
Overfull \hbox (0.9482pt too wide) in paragraph at lines 6123--6125
[]\T1/ptm/m/n/10 The lon-gi-tude defin-ing the Lam-bert pro-jec-tion, de-fault is the l1 de-fined in geopar. 
 []



[104]

[105]

[106]

[107]

[108]

[109]

[110]

[111]

[112]

[113]

[114]

[115]

[116]

[117]

[118]

[119]

[120]

[121]
Overfull \hbox (0.9482pt too wide) in paragraph at lines 7192--7194
[]\T1/ptm/m/n/10 The lon-gi-tude defin-ing the Lam-bert pro-jec-tion, de-fault is the l1 de-fined in geopar. 
 []



[122]

[123]

[124]

[125]

[126]

[127]

[128]

[129]
Overfull \hbox (23.85739pt too wide) in paragraph at lines 7734--7737
[]\T1/ptm/m/n/10 Objects []\T1/zi4/m/n/10 Totalreitir []\T1/ptm/m/n/10 con-tain-ing a list of all rect-an-gles com-petely con-tained in bc-areas and []\T1/zi4/m/n/10 Dypisreitir
 []



[130]

[131]

[132]

[133]

[134]

[135]

[136]

[137]
Overfull \hbox (15.71973pt too wide) in paragraph at lines 8209--8212
[]\T1/ptm/m/n/10 Calls a num-ber of func-tions, i.e. [][][]\T1/zi4/m/n/10 geodefine[][][][]\T1/ptm/m/n/10 , [][][]\T1/zi4/m/n/10 geoplot[][][][]\T1/ptm/m/n/10 , [][][]\T1/zi4/m/n/10 geopoints[][][][]\T1/ptm/m/n/10 , [][][]\T1/zi4/m/n/10 gridpoints[][][][]\T1/ptm/m/n/10 , [][][]\T1/zi4/m/n/10 inside[][][][]\T1/ptm/m/n/10 , [][][]\T1/zi4/m/n/10 selectedpar[][][] 
 []



[138]

[139]

[140]

[141]

[142]

[143]

[144] (/private/var/folders/s9/vr220bhx6nd_yyq9w1mxfv1r0000gn/T/Rtmpk2cB1c/Rd2pdf122e95b1e9b5a/Rd2.ind

[145]



[146

]



[147]

LaTeX Font Warning: Font shape `T1/zi4/m/it' undefined
(Font)              using `T1/zi4/m/n' instead on input line 224.

LaTeX Font Info:    Font shape `T1/zi4/m/it' will be
(Font)              scaled to size 10.0pt on input line 229.




[148]



[149]) (/private/var/folders/s9/vr220bhx6nd_yyq9w1mxfv1r0000gn/T/Rtmpk2cB1c/Rd2pdf122e95b1e9b5a/Rd2.aux)
 ***********
LaTeX2e <2024-11-01> patch level 2
L3 programming layer <2025-03-26>
 ***********


LaTeX Font Warning: Some font shapes were not available, defaults substituted.

Package rerunfilecheck Info: File `Rd2.out' has not changed.
(rerunfilecheck)             Checksum: 53D2D4D0654ED9627B71577379A7B518;14739.
 ) 
Here is how much of TeX's memory you used:
 11848 strings out of 471546
 177020 string characters out of 5518774
 554138 words of memory out of 5000000
 36904 multiletter control sequences out of 15000+600000
 666197 words of font info for 86 fonts, out of 8000000 for 9000
 36 hyphenation exceptions out of 8191
 92i,6n,95p,296b,735s stack positions out of 10000i,1000n,20000p,200000b,200000s

pdfTeX warning (dest): name{Rfn.lines} has been referenced but does not exist, replaced by a fixed one


pdfTeX warning (dest): name{Rfn.write} has been referenced but does not exist, replaced by a fixed one


pdfTeX warning (dest): name{Rfn.cat} has been referenced but does not exist, replaced by a fixed one


pdfTeX warning (dest): name{Rfn.spline.des} has been referenced but does not exist, replaced by a fixed one


pdfTeX warning (dest): name{Rfn.chartr} has been referenced but does not exist, replaced by a fixed one


pdfTeX warning (dest): name{Rfn.data.frame} has been referenced but does not exist, replaced by a fixed one


pdfTeX warning (dest): name{Rfn.par} has been referenced but does not exist, replaced by a fixed one


pdfTeX warning (dest): name{Rfn.colorRampPalette} has been referenced but does not exist, replaced by a fixed one


pdfTeX warning (dest): name{Rfn.polygon} has been referenced but does not exist, replaced by a fixed one


pdfTeX warning (dest): name{Rfn.points} has been referenced but does not exist, replaced by a fixed one


pdfTeX warning (dest): name{Rfn.hsv} has been referenced but does not exist, replaced by a fixed one


pdfTeX warning (dest): name{Rfn.locator} has been referenced but does not exist, replaced by a fixed one


pdfTeX warning (dest): name{Rfn.legend} has been referenced but does not exist, replaced by a fixed one


pdfTeX warning (dest): name{Rfn.identify} has been referenced but does not exist, replaced by a fixed one


pdfTeX warning (dest): name{Rfn.expand.grid} has been referenced but does not exist, replaced by a fixed one


pdfTeX warning (dest): name{Rfn.ns} has been referenced but does not exist, replaced by a fixed one


pdfTeX warning (dest): name{Rfn.contour} has been referenced but does not exist, replaced by a fixed one


pdfTeX warning (dest): name{Rfn.chull} has been referenced but does not exist, replaced by a fixed one


pdfTeX warning (dest): name{Rfn.grid} has been referenced but does not exist, replaced by a fixed one


pdfTeX warning (dest): name{Rfn.merge} has been referenced but does not exist, replaced by a fixed one

</Users/bthe/Library/TinyTeX/texmf-dist/fonts/type1/public/inconsolata/Inconsolata-zi4r.pfb></Users/bthe/Library/TinyTeX/texmf-dist/fonts/type1/public/amsfonts/cm/cmsy10.pfb></Users/bthe/Library/TinyTeX/texmf-dist/fonts/type1/public/amsfonts/cm/cmsy7.pfb></Users/bthe/Library/TinyTeX/texmf-dist/fonts/type1/urw/times/utmb8a.pfb></Users/bthe/Library/TinyTeX/texmf-dist/fonts/type1/urw/times/utmr8a.pfb></Users/bthe/Library/TinyTeX/texmf-dist/fonts/type1/urw/times/utmr8a.pfb></Users/bthe/Library/TinyTeX/texmf-dist/fonts/type1/urw/times/utmri8a.pfb>
Output written on Rd2.pdf (149 pages, 389624 bytes).
PDF statistics:
 3814 PDF objects out of 4296 (max. 8388607)
 3611 compressed objects within 37 object streams
 1339 named destinations out of 1440 (max. 500000)
 1209 words of extra memory for PDF output out of 10000 (max. 10000000)

